<interactive>false</interactive>
<preinstall>#!/bin/ash -e
touch /tmp/preinstall.touch
mkdir -p /config/etc/ssh
touch /config/etc/ssh/enabled
/etc/init.d/sshd stop >&2
/etc/init.d/sshd start >&2
</preinstall>
<eula accept="yes"></eula>
<mode>fresh</mode>
<primary-disk>sda</primary-disk>
<source type="url">@NETBOOT_URL@</source>
<network-interface mode="dhcp"></network-interface>
<language>en-us</language>
<keyboard>us</keyboard>
<enable-ssh>true</enable-ssh>
<allow-dev-repo-cert>true</allow-dev-repo-cert>
<password>ZtlMHmDPc/6k.</password>
<recovery-public-key>-----BEGIN PUBLIC KEY-----
MIIBIjANBgkqhkiG9w0BAQEFAAOCAQ8AMIIBCgKCAQEAohYXT7H2JVq3iDHZlS3h
ihPyZP8amhW8nG/eBHXgXOxYhZgrOXcOjOImfz3hKn+2jKrFuz25LDtjqeUnj1Qv
wNt2e9G96PXenBCkrd3Fat3ZishpQVTrvUOe11+Bd9xGqoGrjWsT/H4frx+FS/h3
Om8s0Bj6HM70uSrrB/GU13pRChwsSCOtHbZE9KtLr509d5eKgCI/kVJs0lDkThwT
66o95mrJ6ijAlDtEFBHkHwz0mm7O2Bf97vsY0WmasKrtNqxXX0GGTolJH3UCKf85
MaO6VH07P/lRrplozUTh04uQwLA38YNR1apxKQQ5+helnLQNzXXvlgXYA6jew/px
wQIDAQAB
-----END PUBLIC KEY-----</recovery-public-key>
<recovery-private-key>-----BEGIN RSA PRIVATE KEY-----
Proc-Type: 4,ENCRYPTED
DEK-Info: DES-EDE3-CBC,88E87E3A0BA652B4

ri/U7wgixizxXGiGiAxlsD+GN15DawG8OQRmxzqRVy6alwWQCeG7qe9f86T0KBAo
L9WCB2yxeTLztVUwocwvmlQLMJGKBKgFqzaw+jAPLPni6kfhK8areo0Orcy87/tZ
OE5/BpbPU0Y/q619u1ocnqfHl7DXq5ng+S40DgOJRk77tlvNL3Nlxb6d6wkOQTeq
JBODuGSqjFheaOjtU50CNm1q2s9zLsbxNnnZrqo9EyW94x+vUg5tFrMvDMTAkIdG
D7vb7tdfJdVIyTBgyHbJSfFXlmBVqGavZ5E7/qhBtS4aVXe4mgg+YsLksMNMAEgC
F3e7N9qt+BK9DXCD1cATIwN3ukdWpal8wDQS5vUvcXE3/w9ElE1u39e+fJ2SLYZK
8Cs4A7rL+s+mowHiqvNE/DbaaKLnI3cLIiHWuMbSNsFRluz67IJxwhgZJq/gx+dR
vci+sSGT7zUcw6a/qwE6jANfGKVXGetT9duximUzsIvihnb9RRG2UFI3bVHAeAeg
eAQm/DgMD1CLgYRda2c3tlT/KtoB9r+WKmyLtGPFjts/wsqIAs/wgJedL5dp/Vt/
WgGl47NADXguYpivSQuMcyGyriG3DFzUGSRqileLWfo40jmZRQO3lR9GvIWhPZil
vYs+3MQ4MmJIrXJR0uySkA8ZckIAz0+HAj5PUNgWpdxqqeTaQ5fhKjGFNq4MGgv9
t2gYSLtfN5o36Fq2szGmBXbe4yQsp5+quH8gv/R7CXq+YXF8Owe0DNEuD9IRc7Tw
kquIJH9gl8f4jw9gbaJ/C9uybb4GLjsmVMwRQy+OCmcP8feL67Rj5aj976L3oVPG
Mrq07s4/obYKqEJmEPTdp9H6lkmn6ZHSKwVP1EfkS6Md1FvVnVF3P6735JT+1rNf
pKDYgPh0mQi9isvaGkCeF61MrAjreN0rKgj3NgNpK9laWbeUHx6VAvTtT8QVfahM
ytxkx77FwD12bBE7jNu4nx0q3y0ZuwQXQ0dZSLqMsoIT7XF3tVddyxwTXSCugdmB
q3GzZtubAY5Z9A8X28q8weW/5oBhr1JrVFCW9jO7NuotD02/K6RBLcYidzSF6rYn
UkKOltTcn6vtWSijRONi45L904XOs+Fbku9mNJp23wqWKBZao8BWOJuNl4KeQLz/
SnL8IAmXoJ0DUP5rNSKli65luRvdLPSZMACDcBWjH1pgntEPh6ZXrsGsdO0CX6e8
/8oi0XUfTkN6H5LGiKC2RfoRD8gu2Wk+7KlDGklp3iUaAD76C0z2r8GTnxJzb3EO
2ehMx7x3t3e/yBRZ3+VhYn6uNnbo+6flnPk2CE9Jg5slbjYho5ENkkKiz9yxvBcR
pVh5eMw4ND/z6IdJjc328L2R/4UawwpAqTC6V6n0Xpbiik7JJzASbd/luGkFwU5/
apDCgvfjcz3d+xYS7qhi6fwKqrp6zoDBSLqxD1WObyfw8o6UYorJN69TEFFBCSKP
thnXT6WG8tP4GiUOi62E4hFuE5v2k3IJW9R2Bc7vt04rvpcqSLuIeCdHpaCoYYVz
u3q8eyo/JD5/zpLKPgMBDlK3P2z8Ug64tnkVNyeO/AKJksjOZ0FehA==
-----END RSA PRIVATE KEY-----</recovery-private-key>
<postinstall>#!/bin/ash -e
touch /tmp/postinstall.touch
</postinstall>
