<interactive>false</interactive>
<preinstall>#!/bin/ash -e
touch /tmp/preinstall.touch
mkdir -p /config/etc/ssh
touch /config/etc/ssh/enabled
/etc/init.d/sshd stop >&2
/etc/init.d/sshd start >&2
</preinstall>
<eula accept="yes"></eula>
<mode>fresh</mode>
<source type="url">@NETBOOT_URL@</source>
<install-gpt>true</install-gpt>
<network-interface mode="dhcp"></network-interface>
<language>en-us</language>
<keyboard>us</keyboard>
<enable-ssh>true</enable-ssh>
<allow-dev-repo-cert>true</allow-dev-repo-cert>
<password>ZtlMHmDPc/6k.</password>
<recovery-password>RecoveryPassword</recovery-password>
<postinstall>#!/bin/ash -e
touch /tmp/postinstall.touch
</postinstall>
