<interactive>false</interactive>
<preinstall>#!/bin/ash -e
touch /tmp/preinstall.touch
mkdir -p /config/etc/ssh
touch /config/etc/ssh/enabled
/etc/init.d/sshd stop >&2
/etc/init.d/sshd start >&2
</preinstall>
<eula accept="yes"></eula>
<mode>fresh</mode>
<source type="url">@NETBOOT_URL@</source>
<network-interface mode="dhcp"></network-interface>
<language>en-us</language>
<keyboard>us</keyboard>
<enable-ssh>true</enable-ssh>
<allow-dev-repo-cert>true</allow-dev-repo-cert>
<password>ZtlMHmDPc/6k.</password>
<recovery-public-key>-----BEGIN PUBLIC KEY-----
MIIEIjANBgkqhkiG9w0BAQEFAAOCBA8AMIIECgKCBAEAyXcGR656UC6PLGHSywdf
HFLEhQ0oeF3v1Q3tnzeIZM/sdLQydcTvITO5YSmbYMFce/LJrDBt921flY2Y2dSR
gY7elkXxyHMKhEMe8HpFAhDMHslMQe7XJtqw5kMuH5m7ZsKzhlct2Sr6pMxDU6dM
Oe6QASkPqlh0dzNB4lMpr5/kvJ7bVYlGXiSD6o4J93a5H8r1Q9gVCXy8A4X40nBb
epq/HdZqwbTqJ19VTcwa5JDp+gDlK3Waw2di7gzikq0z/bUDm1aKQ+q/XT2lU6rL
UZDw0A7ma2928czYbtCfJ0Si7QPR9frxs0BVfnQ0qJwzrPDSPqlc6wIP9Tpksfjm
A/LwAu4O3AA1Omzltf4tAyzc8/3qzmSi53ohLeAOwabFULhZm51INQ0iOyx0kH2L
UC2n+H6Sa8rpritrANUU/BsVKviDqyhZBZBMQXDRJvMLuXEuvElfzqwU04fBVCe0
zme9W8wllI5S+NqcqbW7E8CFHS6yzd/V737kNmJfnDt0GoGeFv7NMvY465vGIo8s
RzJoHx1MXnNjsvxKxvWqblVo8F88qrc9kpHQonrkAw/XVTBX7uIEJhWzhbSi+bZG
BoUxY+nFaJlZ8ndsMesOua8KR1xp6lMEI7tmLLrvWAF4hZSjNRxytKmEcwQRL7MI
XuDngJ/Ma7ImzLDJ6s1hwl37cgC/SWhPaeIGF/8NPws2hTxJbqwTZEiR+6WIFiZi
17JpR7HA/5QKmOODrbVr+NxqbGULb/+Amab/+etW4VNzZMsW1S4YNSe3Lpe5eOro
drM52dYgY3ptX1vtiF8nnPHtOfC4VljPjDfY3rl3yaZyHzKEJ6cyBWZhVTt7vN3a
e0Gz69BUqGH/Z3/TPRi3CAZlj89KAgoSV8LBR9G7GSk/tBRP9+4W+iU/JNXBztFf
rxPfhcqYTkolZDlN+EvFb7p3MqHQfkko88VyjALKaacotBt0VJWGJIMj+FC1SNvd
duzH1UUIn8KJn2/K3ranaVMajl24yl+NY80RfJuXzz+/UIvFzvVDN9eL+Ggdq/6q
+xNZMJmZHQB9N6++0s443WRw4A09SIvUPaDu67kuT51DzozdEILdcTTnHDQk5Krk
MAVVQ0WBu+Dj6ZN3EkvPPY5wXytVXz6BK7n2Kr5FsRJ8fzHcRVJwDEXmXOdknhKc
zaeQJWjdsvkjg3uBT2vfRCNuI6VvyfpY0u44x5oSW7s3gCPS2aSVPPFliUmZeedN
g5+dWgQq6dzXur0Hut1BOEyqjY+bBECAzEawg4J+2qgS1NwslvmuBaltkCZ1oTlt
aGoE2/wOyxQQaX7LymrOrlgQcashzRygSN9W413ZmGNSdhO/NJsUNQgA+rpT63Zd
+QIDAQAB
-----END PUBLIC KEY-----</recovery-public-key>
<recovery-private-key>-----BEGIN RSA PRIVATE KEY-----
Proc-Type: 4,ENCRYPTED
DEK-Info: DES-EDE3-CBC,479A25F6C7BBEDCD

sLHC8d1054F8DYZjRKPH7DY8Jp9yY0SB1E/wCVwT1f5PGIujgYOVxS4G7dpmusLr
ze1ldQcULKpSXaJplFwHItf3AGOprTeIbWuhOOH6aF8uWs+EiRWF47TZlIEEuAO0
8qmAV34uC8jrdTA1Amu3U7za0WqXg41o5uHpHyrimd9gxtw2G8+YWVS60mcHbhZ0
oL3P4ZBosTnLBPLy0MxTJ+sPieU5rosH00RhIe0ZT+eaDQ0jpFTLVnTTdtJ9Ms/W
52XvD4DNlsM2gVg4BvXe9DB+aTmmNuMhf7gFRgTyYtXmMBck/zkBjlx4quXLjg0w
Pv6+ZyNx7kUk0u/zPzkNjsnU2u0fzRU7ObKYFhcsboZY8rVvHFXb8chv7aApfZ27
WNNv1Un1hwqmd+j+z9hh3cAFQqMbietk4N99wO9ht+xU10YVckwkYHEMCYaNZQnd
fHV7sem44V+MAnyCEBV97BhQGcGSElw5GvBRge9P0zdBzfGtw/3Na710itlGsDpC
f5MoTLWqENDwewwzUrE3yCuieg0HE1vIWm+peSOvQnjlZXb8zhu88IMc8LRQkNXS
Tt6KJjncanL7X0GPZZjc1M9rM2iC8xXRVUEwGURrGuAjMU14lEn/OJsy7vyC5tsU
dIH3koXEwhBdCVkfUngJUxN9gkewW+DPt1JGTGmZ7XrrxQSzwEeKXpQomvdzGGSG
PzZgBt/ajTNJzlKTntdqiBpCknL8uj26Hml+5DHid11mRtm40HhbcdN2e+Perp8Z
CLkV1TQZJ8SypjA2MfUQkERvibC3iPG8J0jt9B2M84FYMT6B/fRsf7/uvXtb5wec
nDuih44yvG1mvGbbAfIzgOWxAbABYL2AbSNFXn1Lg8hdoikD/0IPqaKHh0LlNTZH
3yLRKBwrBwPYJ9gwlLwLV66tqogMRPw3ol9DQorW5h4tlsTSx0EhQmHfKr5uEXlc
25VS1Z0xSrTD06GwkGZbYaR3ffJeqIAuAl5vZ9orJ5ji+fsJMUEEzWWlvvUznF3v
PlRpIkUG+RmNjon1dKJ821TBT0eokXVxOveCan0A5zN9ZgihGY3G78f4WTGchZJz
8S5DTS87Gis60Mj+AxjjxjCoUz6urijM7xN3bEoKeKTGtXEqJFK0t9inVjs7Hd9L
itnOqstAAw8st5zEbWIKya9pGz2P30DTokuqeLci2ZeDcx/WFssTvGOtU+ttrhLZ
lEB1C9bxqyFAiDX3m8A4gLDh2EYzMtAPpFiZ2vFLf0bX1ntviDICd++dTtO1Ursq
U694za+miqDxvOenuXBgJ5tZbD55L9Sj+wyiRk+r2lmMPBQa3NrJ1hOfhvjxlT8W
udXpz0FP0iPRDCSyd4jKHDh6hto4BpGBcfs+6Oj+SO7vy2rstbBNSm0JY+TZKxe7
mKydr03j8KHzWiSZ+tiu8j2WTzN5rC4du8xHXJhWuU9YOk2scHzZGlGPTV2G2D8S
jgkwgQg2vYijh3MtEPnIIzNk1q1Av0/QtElXm3/aEVdoqY5kI4lz9DiYbOimKT1n
tYITfKKRNYjHyT5cxxXhJeU8cBoO9rjiZbPGiKd9iZ/gtQ9VfIpm39cxXD6Sk4bu
abPd+bpGlrnzcfJRich9yOP+VBP15M8Vex7fCiV9hkV6djpEzT8fbr27FpgU0b4G
spDV1OkHeUlPne65HS0HcoAgNe6tS7065JeAuY++qdCMoBMGYlByPkeTHP6MoAUC
UYdhQfoQYCWzk1lHz+SgsRbOGqq7To5eiy7rxRCp3XgT5NeNPeLa4DWm5/1zTM9E
biIKYJVv2nwCqGNQGupIVCPtwj8wIV0czMAfnYOW8Pci8oQLjXh4S2Kz3UUNxjQr
5aoBENtyEZVEryoVUHGJw6mxzrKU25GhbgNfkI5bGGqNf0lT01QEsj/1GvsB1BlJ
xRlmESrOe5mOzCrOyX+tbhq+sgObsWKwL2EzIdPyPoTRWI7urifBCbB+gVLxI+QR
57WL3NwVyUd5HhSAbevNtKUYRmRI/c/RJZ4v9NDdyPP1+ktZDeUjdgWemIDMzs7m
IiGw8vZ55k4Np+HOm9X+0QbLWT1kozWmETZ/SPzMCbOHYBX/qT3MU1NuAynzFApN
zxR08DQBQhr9PTveroV4MGw1JujT9QZoLwUuV0psJwymMrAPDtSQkmFUBcQvs7sk
g1K6fxig/jkLifHHRflbO3BqDWQqdKhArsf03xC1aW6aLD5I3mMh+TrMXHvmBu9Y
gJGPxwwKQN0wJt6/ncq1ybwNhsqG/5lDTDa+4H9MEyZIQe/VoR+exJKMm4LSqT/R
d1IuS7e62ColInSTs1oCUL/MP6X9LwuoRteVDmX7M2ElGFH+iVNniP9eNcuDPIbD
WWYoOP6ZQJxuT71Vor62IZt3f5SPayYb+Gdoaw1wQx/uQ3xDyZ9rTWSL8YSGCGeF
OAv5IlLZTigTcfiT001DzUDlXkyAKZZoZA8I8rpV/hCh7xRtnF6e+ccRGRrymPg5
+n/duj60dNGBorpRDNite8XEAkZ1OYFEP6DUM14wYpKszNiYU38NKkXO+VpOEKYz
mSdQfLOeVkWqPhBeAyfuN+Vu8OuNUsKkPC5+h8qeXE+WMxriTG/nL6G5N9sbnHKJ
D5T6dav0lBfTnKgx557N395eWibWhZ8ZSofRVebRpIMVVVn4zUwiXOIy95s447GA
n0MXhDCFs+2tVIPl5UheS/01oOww/g1nR0iq6gsqgPBv5zX/V8TuxdSOzneYNpPo
TNFfZswx+fv3FE7+LvDw5dh25ZTHOu53WQ6EWg+utLIN0OcQPKS14R6CFwb6T+6u
mnL18Aou5S+wqmDCJRvReKXe5xFTLE1K5hj0LWYVKuUFm1KQ+my2WobJjdz1EosR
UW6FXHbomZ1sBTmwnwQklIQRSiH6ySz/l2TH8ynD4qTZDALe03iF4QSaMGd3d/D8
y5BbgwoSKP+r1HXROcUKCiOU3awOho9O1iad726OzL09Z/F0KVKWbrXDGQjtWSYn
oL+S/E94wcG/pygn/0bIvx6txBZ+n6NuHS68hYvJ/mcB1rkTU+JiJdZQXzMVGadZ
l9nHgDcypv39K/RAtlwsxC8WUWPYDl8Kp4lLUxJgYZ38Nx4UcdhODQ9y4BDIK6fy
JQpUfbxIKatHhZ6UavZ+/tn+jW6t0QqEtECG49V16ElgbKnCw0BA0gdlmPdhlG4S
IXR0Is9+lMfhrzlKVV0gDPYCLZpWA9swL6S08V04wfRjoPdt+0tLpVBHF8lBhex8
z6tdgfkCvJubSr8iG/h877a4PFRK0LAL+VzUubcLNbeXVBLFK6au2jDEb77+6kiv
17H4pB36yVNOeqa6Y5HYAdS4EK6eEHiucyVmZKFSf/cwxKe7c5Ah9jqOHqFX5cEj
KHqV9lh5y9SRob5wvN3pCSZEu/hW+IHOzyvj1DuZuG5nTw2hrNKx3ltGyL9pp6yk
5R2ZRiiz7bjJaH+oG+hzf2qmSW/JfouktryZhtEbGV02GSt6LDA0AC7N6dV/jXDj
s9HnF6EBCYFJoXmWdPE6qLzV5j5z9JfjfEFPxw6t0lbE2VFDeZeqD4nvLgQDYa4b
2yRKPmUlrO5vrryexsdSwiosbh7jQu2m2hoAxbzoySMFSNYawXQn3UxQajxDDRu2
kElcdefdTEGOX5JskMMq1JUGxI2uyjo136v4sFZbQ/pS7xD2PFLhEkOZ1+/SCKUj
XI7oHly1E3NLQFxzIV7oWvskg1wm8Z35ZtAlJOwhqlU+l7TXdg1DPuz8R8vmOLRW
N58YicVvr1okNxsM5S7wdvXO89DvaJmOIV4GACfqrEKz87+2P29Sf4Wxj8KR+LN4
wCvE7fSxjpuwld7CBFCErPeP5byMfZymShbrVdisSxjSueidOuqm55n1yQOKWEfK
3JARoicsccvmNQ+LW9GpCvgf/OO5wBIZaAD6ekHBsfl1Ig3Xuh5Ej8W6W7G2zWi6
nhY1OxWms6+orPPTAKqOJEQ1Mp35VHSqVdvM45BRXPzdZjONilYHH5sdnghyYlXW
M9YUFQeHpjXcO9whaaSKFnm5MU7d4z0YeOPC0hD+RNBddP+hFNbt1s8sn7rqOyvM
71p4ltMip9eg+zdixvNY66Fni43q1XHcF03vqS1tJcNvTk01Js3wsTAOuIs2Qp2N
u3YuXBZkOVnZWCSP9KwqLzcD02Y74Gyh0PT7AUM995RSMou16j+wSIUDZyg0+dNn
mLfEyAXYGcIFZIM7tIXVuSTiHkTO1eSHzI8DlzSf8Xj61qNCernemqcaXFhTbXjJ
iuheojXMeON/SwKgWQ5kVjFM3L9Kvivd8niDO+2tLfaz8wGvCKVEajPQW2N4Gj5L
XbhaoyCQnQ5xsIGZ+TJyc8tDSgj1eMBJ9iXdMoqSQRJi1MTzaUcFVPK6hLtEg1OZ
ppjseH3VvDKs+J2En4OOZGuv0QOWCVIss67bGTIA3S5B59uCrMC5NVHC+bYE5SiZ
PiXHll3Xq25B8ODoroVgC6FfywU3bxDxTwW1nwekkXKOyJhsMzg9eYaQda7xtBbE
/n9A76Im+itcsIfR5Rcn8kKW/iXSHBNchdqSZRnkrM34Ix9bHmYy7tHS12nx7h1h
32d6G6MRITBoo7lFHD5VpyFMttda57D1nuasIJQuSRxPbkHYxLMmVzTMcGz1qnVs
jRLMFwHi8+Nb7b7Kd73siUWrBdJpbXhb4Lzc80DkbpzqfW1ZFgwiiCZqEMkC7Dsh
x7OlpsuD9BaQOHKZD4KDcI6Af/ShjEBcKaUrhDWv/Hljp7yOd9MIls1wdCHlZ1Xl
rguVugu9zKnFRtB5KAy9Jyhj3XRqwMJZdTTS0YXSteq9m+9GNX2JqYYDcM3LqsjZ
0cW7mHdWJljyk8J9V+/37Lpox6gADjycCzKoWHlrSKbPAiKEB39kOZ/l5O3GJITK
nCooXVpNuJ7Lw4v+Jn6dQ3kGp0lM4MS2TJ2GA3zr6cT9sxiHvxYBlmKNP/Ea/3NZ
+cMtRJzZoRhfq+K2TaYZopT8x56c2FHUSRDeAmVPKEHxhQMl8pHW4eLRAUTTlUJ7
cuy7W5hSEyLFjc/EjwWGH4hkgqXbYCF+rO3HLi3IMYHGRQ8c+r60oXxfENtn/Lsp
BxXupv7/KsDjgmS1H0GB7053a0/Gh0BpD4EkvSRiYZ43d7m9sE4YzS851l5dJBt9
jgjUGMGB5YjwHOof67omYDmZPBqdBJPn0D5wmi2N+odwFXTVeBEGSOEmCSJW9Hsa
eI7KwFO7CWOkaKjkQ3jVaiIvmcqr1sXUw0On6USoVX20YqlyCxphmDrm6MyO1kEF
nVt+E5RTUTnYbYaTbeMdylZyXkWBQpGeQRtAs5hx0i2teLtrZ0nOSkmiHZiaQYDc
A7O4j1O3ecBmvbv4glvkgOcKw5XjyabkR7RqukaUvIeeGu+17pen2POqT3cB1BSP
6LCjojw8jbvB8PZAxKGaDBN3IElz3I2hN1JFu/ub61t8v0MiHS7zvq69M/Jy29V+
BYrw9x6w1CScMfSnFWE6XwMinuxCCwxA19LSZjD7pppFQRu9Ly7MiwswZ39C20uM
wLfQyC7dILER/s2ynVQEYtv8oUq3sYvuX1DR4rwMdMQbj6O1O2ZOwO48f1e2qbUv
XZDv5Ob0F9CjucBSKIK783ztaae9NwOhXOunUsEEsswBL+GMrokLbzAtoigVfYe3
YoS/KjEXH8msrhxpmk3YCzyj2N8ZT4mhFRs0GMA1/CKhqHCoYJ8Ptya91N2zlntD
ktfb1FhkiYyQ0FlxLggBOwZp5KOpojH4LidCQ88VWsbLQbPjr4z9s/tZbkIEtsCX
DPdwo3cCbhAn1JdCntOY1n2UUeE64CQKulY38amVrhYTZUD8VbzyA3wFSbH+qpa4
RTd7eCwB+LMeHhPWGaSiG+CSIe+AnKMaos03rFs/1d5AEo1cGKHvJv9h44rBmcEt
Uyi2FHWFx0Yiup4TKnBPpVE4aKXOLli7A0fCxqfEE2XpXmCqemGA5qGpXEoPf8zy
+lJabXaBUSN9x6CDZjQOPbBCLVdS8Sv6W6fw+5r1dRxv3TukPb9R0iPLEPxzBIIg
DN4RUBfhTZc71JW1UH5HosAqZIRddHbyjGzqnBLxCvB4y6Y+/ZsUvmPsENCrm3xg
tK98gRGfnlkKfz8U3uZQscJwL2i4hNwMfTRf+kJm5yIegp2V1Wd95MZS8HsX00Fw
-----END RSA PRIVATE KEY-----</recovery-private-key>
<postinstall>#!/bin/ash -e
mkdir -p /mnt/storage
mount /dev/xenclient/storage /mnt/storage
mkdir -p /mnt/storage/isos
cd /mnt/storage/isos
# Assume the network is already available:
dialog --infobox "\nDownloading Windows 7 32-bit iso..." 5 39
wget -q '@AUTOINSTALL_URL@/sans_tools/st_win7_sp1.iso'
dialog --infobox "\nDownloading Windows 7 64-bit iso..." 5 39
wget -q '@AUTOINSTALL_URL@/sans_tools/st_win7x64_sp1.iso'
dialog --infobox "\nDownloading Windows Vista iso..." 5 39
wget -q '@AUTOINSTALL_URL@/sans_tools/st_vista.iso'
dialog --infobox "\nDownloading Windows XP iso..." 5 39
wget -q '@AUTOINSTALL_URL@/sans_tools/st_xp.iso'
dialog --infobox "\nDownloading AutoBuntu i386 iso..." 5 39
wget -q '@AUTOINSTALL_URL@/sans_tools/AutoBuntu-11.04-i386.iso'
dialog --infobox "\nDownloading AutoBuntu AMD64..." 5 39
wget -q '@AUTOINSTALL_URL@/sans_tools/AutoBuntu-11.04-AMD64.iso'
cd /
umount /mnt/storage
</postinstall>
