<interactive>true</interactive>
<preinstall>#!/bin/ash -e
touch /tmp/preinstall.touch
mkdir -p /config/etc/ssh
touch /config/etc/ssh/enabled
/etc/init.d/sshd stop >&2
/etc/init.d/sshd start >&2
</preinstall>
<eula accept="yes"></eula>
<source type="url">@NETBOOT_URL@</source>
<network-interface mode="dhcp"></network-interface>
<allow-dev-repo-cert>true</allow-dev-repo-cert>
<postinstall>#!/bin/ash -e
mkdir -p /mnt/storage
mount /dev/xenclient/storage /mnt/storage
mkdir -p /mnt/storage/isos
cd /mnt/storage/isos
# Assume the network is already available:
dialog --infobox "\nDownloading Windows 7 32-bit iso..." 5 39
wget -q '@AUTOINSTALL_URL@/sans_tools/st_win7_sp1.iso'
dialog --infobox "\nDownloading Windows 7 64-bit iso..." 5 39
wget -q '@AUTOINSTALL_URL@/sans_tools/st_win7x64_sp1.iso'
dialog --infobox "\nDownloading Windows Vista iso..." 5 39
wget -q '@AUTOINSTALL_URL@/sans_tools/st_vista.iso'
dialog --infobox "\nDownloading Windows XP iso..." 5 39
wget -q '@AUTOINSTALL_URL@/sans_tools/st_xp.iso'
dialog --infobox "\nDownloading AutoBuntu i386 iso..." 5 39
wget -q '@AUTOINSTALL_URL@/sans_tools/AutoBuntu-11.04-i386.iso'
dialog --infobox "\nDownloading AutoBuntu AMD64..." 5 39
wget -q '@AUTOINSTALL_URL@/sans_tools/AutoBuntu-11.04-AMD64.iso'
cd /
umount /mnt/storage
</postinstall>
