<interactive>true</interactive>
<preinstall>#!/bin/ash -e
touch /tmp/preinstall.touch
mkdir -p /config/etc/ssh
touch /config/etc/ssh/enabled
/etc/init.d/sshd stop >&2
/etc/init.d/sshd start >&2
</preinstall>
<eula accept="yes"></eula>
<source type="url">@NETBOOT_URL@</source>
<network-interface mode="dhcp"></network-interface>
<allow-dev-repo-cert>true</allow-dev-repo-cert>
<postinstall>#!/bin/ash -e
touch /tmp/postinstall.touch
</postinstall>
